// Jest Snapshot v1, https://goo.gl/fbAQLP

exports[`<App /> should match snapshot 1`] = `
<BrowserRouter>
  <Link
    to="login"
  >
    Login
  </Link>
  <Switch>
    <Route
      component={[Function]}
      exact={true}
      path="/login"
    />
  </Switch>
  <div
    data-test="something"
    onClick={[Function]}
  >
    ffuck yes
    0
  </div>
</BrowserRouter>
`;
