// Jest Snapshot v1, https://goo.gl/fbAQLP

exports[`test should do some stuff 1`] = `
Array [
  <div
    onClick={[Function]}
  >
     click me
  </div>,
  <a
    href="/login"
    onClick={[Function]}
  >
    asdfwefwefwef
  </a>,
  <div />,
  "no match",
]
`;
