// Jest Snapshot v1, https://goo.gl/fbAQLP

exports[`/posts GET should associate tags with the records 1`] = `
Array [
  Object {
    "id": "389da98a-d781-46e7-a07e-2edd929200c3",
    "name": "peps",
  },
  Object {
    "id": "4185c8ef-7372-471f-9811-e4fd35346fab",
    "name": "bath time",
  },
  Object {
    "id": "4243cad7-5ab5-4e7b-9e43-f82734bd1e35",
    "name": "babysfirst",
  },
]
`;
